Crash log created at 2026-08-01 14:45:52 +0100

===== MESSAGE:

LoadError: Couldn't find handler for: puma, falcon, webrick.

===== STACK TRACE:

  0. /home/antr/dev/sw/antaz.github.io/.gems/gems/rackup-2.3.1/lib/rackup/handler.rb:81:in 'Rackup::Handler.pick'
  1. /home/antr/dev/sw/antaz.github.io/.gems/gems/rackup-2.3.1/lib/rackup/handler.rb:91:in 'Rackup::Handler.default'
  2. /home/antr/dev/sw/antaz.github.io/.gems/gems/adsf-1.5.3/lib/adsf/server.rb:93:in 'Adsf::Server#build_handler'
  3. /home/antr/dev/sw/antaz.github.io/.gems/gems/adsf-1.5.3/lib/adsf/server.rb:26:in 'Adsf::Server#run'
  4. /home/antr/dev/sw/antaz.github.io/.gems/gems/nanoc-cli-4.14.7/lib/nanoc/cli/commands/view.rb:40:in 'Nanoc::CLI::Commands::View#run'

===== VERSION INFORMATION:

Nanoc 4.14.7 © 2007–… Denis Defreyne.
Running ruby 3.4.9 (2026-03-11) on x86_64-linux with RubyGems 3.7.2.

===== SYSTEM INFORMATION:

Linux nixos 7.1.4 #1-NixOS SMP PREEMPT_DYNAMIC Sat Jul 18 14:55:52 UTC 2026 x86_64 GNU/Linux

===== INSTALLED GEMS:

  addressable 2.9.0
  adsf 1.5.3
  adsf-live 1.5.3
  base64 0.3.0
  benchmark 0.4.0
  bundler 2.6.9
  cgi 0.4.2
  coderay 1.1.3
  concurrent-ruby 1.3.8
  cri 2.15.12
  date 3.4.1
  ddmetrics 1.1.0
  ddplugin 1.0.3
  delegate 0.4.0
  did_you_mean 2.0.0
  diff-lcs 1.6.2
  digest 3.2.0
  em-websocket 0.5.3
  english 0.8.0
  erb 4.0.4
  error_highlight 0.7.0
  etc 1.4.6
  eventmachine 1.2.7
  fcntl 1.2.0
  ffi 1.17.4
  fiddle 1.1.6
  fileutils 1.7.3
  find 0.2.0
  forwardable 1.3.3
  http_parser.rb 0.8.1
  immutable-ruby 0.2.0
  io-console 0.8.2
  io-nonblock 0.3.2
  io-wait 0.3.2
  ipaddr 1.2.7
  irb 1.14.3
  json 2.9.1
  json_schema 0.21.0
  language_server-protocol 3.17.0.6
  listen 3.10.0
  logger 1.7.0
  memo_wise 1.13.0
  method_source 1.1.0
  nanoc 4.14.7
  nanoc-checking 1.0.6
  nanoc-cli 4.14.7
  nanoc-core 4.14.7
  nanoc-deploying 1.0.3
  nanoc-live 1.1.1
  net-http 0.6.0
  net-protocol 0.2.2
  open-uri 0.5.0
  open3 0.2.1
  openssl 3.3.1
  optparse 0.6.0
  ostruct 0.6.1
  parallel 1.28.0
  pastel 0.8.0
  pathname 0.4.0
  pp 0.6.2
  prettyprint 0.2.0
  prism 1.9.0
  pry 0.16.0
  pstore 0.1.4
  psych 5.2.2
  public_suffix 7.0.5
  rack 3.2.6
  rackup 2.3.1
  rb-fsevent 0.11.2
  rb-inotify 0.11.1
  rbs 4.1.1
  rbtree 0.4.7
  rdoc 6.14.0
  readline 0.0.4
  reline 0.6.3
  resolv 0.6.2
  ruby-lsp 0.26.10
  ruby2_keywords 0.0.5
  securerandom 0.4.1
  set 1.1.1
  shellwords 0.2.2
  singleton 0.3.0
  slow_enumerator_tools 1.1.0
  sorted_set 1.1.0
  stringio 3.1.2
  strscan 3.1.2
  syntax_suggest 2.0.2
  tempfile 0.3.1
  time 0.4.1
  timeout 0.4.3
  tmpdir 0.3.1
  tsort 0.2.0
  tty-color 0.6.0
  tty-command 0.10.1
  tty-platform 0.3.0
  tty-which 0.5.0
  un 0.3.0
  uri 1.0.4
  weakref 0.1.3
  yaml 0.4.0
  zeitwerk 2.8.2
  zlib 3.2.3

===== GEMFILE.LOCK:

GEM
  remote: https://rubygems.org/
  specs:
    addressable (2.9.0)
      public_suffix (>= 2.0.2, < 8.0)
    adsf (1.5.3)
      rack (>= 1.0.0, < 4.0.0)
      rackup (~> 2.1)
    adsf-live (1.5.3)
      adsf (~> 1.3)
      em-websocket (~> 0.5)
      eventmachine (~> 1.2)
      listen (~> 3.0)
    base64 (0.3.0)
    coderay (1.1.3)
    concurrent-ruby (1.3.8)
    cri (2.15.12)
    ddmetrics (1.1.0)
    ddplugin (1.0.3)
    diff-lcs (1.6.2)
    em-websocket (0.5.3)
      eventmachine (>= 0.12.9)
      http_parser.rb (~> 0)
    eventmachine (1.2.7)
    ffi (1.17.4)
    ffi (1.17.4-x86_64-linux-gnu)
    http_parser.rb (0.8.1)
    immutable-ruby (0.2.0)
      concurrent-ruby (~> 1.1)
      sorted_set (~> 1.0)
    io-console (0.8.2)
    json_schema (0.21.0)
    language_server-protocol (3.17.0.6)
    listen (3.10.0)
      logger
      rb-fsevent (~> 0.10, >= 0.10.3)
      rb-inotify (~> 0.9, >= 0.9.10)
    logger (1.7.0)
    memo_wise (1.13.0)
    method_source (1.1.0)
    nanoc (4.14.7)
      addressable (~> 2.5)
      nanoc-checking (~> 1.0, >= 1.0.2)
      nanoc-cli (= 4.14.7)
      nanoc-core (= 4.14.7)
      nanoc-deploying (~> 1.0)
      parallel (~> 1.12)
      tty-command (~> 0.8)
      tty-which (~> 0.4)
    nanoc-checking (1.0.6)
      nanoc-cli (~> 4.12, >= 4.12.5)
      nanoc-core (~> 4.12, >= 4.12.5)
    nanoc-cli (4.14.7)
      cri (~> 2.15)
      diff-lcs (~> 1.3)
      logger (~> 1.6)
      nanoc-core (= 4.14.7)
      pry
      zeitwerk (~> 2.1)
    nanoc-core (4.14.7)
      base64 (~> 0.2)
      concurrent-ruby (~> 1.1)
      ddmetrics (~> 1.0)
      ddplugin (~> 1.0)
      immutable-ruby (~> 0.1)
      json_schema (~> 0.19)
      memo_wise (~> 1.5)
      slow_enumerator_tools (~> 1.0)
      tty-platform (~> 0.2)
      zeitwerk (~> 2.1)
    nanoc-deploying (1.0.3)
      nanoc-checking (~> 1.0)
      nanoc-cli (~> 4.11, >= 4.11.15)
      nanoc-core (~> 4.11, >= 4.11.15)
    nanoc-live (1.1.1)
      adsf-live (~> 1.4)
      listen (~> 3.0)
      nanoc-cli (~> 4.14, >= 4.14.7)
      nanoc-core (~> 4.14, >= 4.14.7)
    parallel (1.28.0)
    pastel (0.8.0)
      tty-color (~> 0.5)
    prism (1.9.0)
    pry (0.16.0)
      coderay (~> 1.1)
      method_source (~> 1.0)
      reline (>= 0.6.0)
    public_suffix (7.0.5)
    rack (3.2.6)
    rackup (2.3.1)
      rack (>= 3)
    rb-fsevent (0.11.2)
    rb-inotify (0.11.1)
      ffi (~> 1.0)
    rbs (4.1.1)
      logger
      prism (>= 1.6.0)
      tsort
    rbtree (0.4.7)
    reline (0.6.3)
      io-console (~> 0.5)
    ruby-lsp (0.26.10)
      language_server-protocol (~> 3.17.0)
      prism (>= 1.2, < 2.0)
      rbs (>= 3, < 5)
    slow_enumerator_tools (1.1.0)
    sorted_set (1.1.0)
      rbtree
    tsort (0.2.0)
    tty-color (0.6.0)
    tty-command (0.10.1)
      pastel (~> 0.8)
    tty-platform (0.3.0)
    tty-which (0.5.0)
    zeitwerk (2.8.2)

PLATFORMS
  ruby
  x86_64-linux

DEPENDENCIES
  nanoc (~> 4.14)
  nanoc-live
  ruby-lsp

BUNDLED WITH
   2.6.9

===== LOAD PATHS:

  0. /home/antr/dev/sw/antaz.github.io/.gems/gems/http_parser.rb-0.8.1/lib
  1. /home/antr/dev/sw/antaz.github.io/.gems/gems/em-websocket-0.5.3/lib/../lib
  2. /nix/store/lql1xkaqmzn68zlhjymk9ni0826ggl24-ruby-3.4.9/lib/ruby/site_ruby
  3. /nix/store/lql1xkaqmzn68zlhjymk9ni0826ggl24-ruby-3.4.9/lib/ruby/site_ruby/3.4.0
  4. /nix/store/lql1xkaqmzn68zlhjymk9ni0826ggl24-ruby-3.4.9/lib/ruby/site_ruby/3.4.0/x86_64-linux
  5. /home/antr/dev/sw/antaz.github.io/.gems/gems/ruby-lsp-0.26.10/lib
  6. /home/antr/dev/sw/antaz.github.io/.gems/gems/rbs-4.1.1/lib
  7. /home/antr/dev/sw/antaz.github.io/.gems/extensions/x86_64-linux/3.4.0/rbs-4.1.1
  8. /home/antr/dev/sw/antaz.github.io/.gems/gems/tsort-0.2.0/lib
  9. /home/antr/dev/sw/antaz.github.io/.gems/gems/prism-1.9.0/lib
  10. /home/antr/dev/sw/antaz.github.io/.gems/extensions/x86_64-linux/3.4.0/prism-1.9.0
  11. /home/antr/dev/sw/antaz.github.io/.gems/gems/nanoc-live-1.1.1/lib
  12. /home/antr/dev/sw/antaz.github.io/.gems/gems/nanoc-4.14.7/lib
  13. /home/antr/dev/sw/antaz.github.io/.gems/gems/tty-which-0.5.0/lib
  14. /home/antr/dev/sw/antaz.github.io/.gems/gems/tty-command-0.10.1/lib
  15. /home/antr/dev/sw/antaz.github.io/.gems/gems/pastel-0.8.0/lib
  16. /home/antr/dev/sw/antaz.github.io/.gems/gems/tty-color-0.6.0/lib
  17. /home/antr/dev/sw/antaz.github.io/.gems/gems/parallel-1.28.0/lib
  18. /home/antr/dev/sw/antaz.github.io/.gems/gems/nanoc-deploying-1.0.3/lib
  19. /home/antr/dev/sw/antaz.github.io/.gems/gems/nanoc-checking-1.0.6/lib
  20. /home/antr/dev/sw/antaz.github.io/.gems/gems/nanoc-cli-4.14.7/lib
  21. /home/antr/dev/sw/antaz.github.io/.gems/gems/pry-0.16.0/lib
  22. /home/antr/dev/sw/antaz.github.io/.gems/gems/reline-0.6.3/lib
  23. /home/antr/dev/sw/antaz.github.io/.gems/gems/nanoc-core-4.14.7/lib
  24. /home/antr/dev/sw/antaz.github.io/.gems/gems/zeitwerk-2.8.2/lib
  25. /home/antr/dev/sw/antaz.github.io/.gems/gems/tty-platform-0.3.0/lib
  26. /home/antr/dev/sw/antaz.github.io/.gems/gems/slow_enumerator_tools-1.1.0/lib
  27. /home/antr/dev/sw/antaz.github.io/.gems/gems/method_source-1.1.0/lib
  28. /home/antr/dev/sw/antaz.github.io/.gems/gems/memo_wise-1.13.0/lib
  29. /home/antr/dev/sw/antaz.github.io/.gems/gems/language_server-protocol-3.17.0.6/lib
  30. /home/antr/dev/sw/antaz.github.io/.gems/gems/json_schema-0.21.0/lib
  31. /home/antr/dev/sw/antaz.github.io/.gems/gems/io-console-0.8.2/lib
  32. /home/antr/dev/sw/antaz.github.io/.gems/extensions/x86_64-linux/3.4.0/io-console-0.8.2
  33. /home/antr/dev/sw/antaz.github.io/.gems/gems/immutable-ruby-0.2.0/lib
  34. /home/antr/dev/sw/antaz.github.io/.gems/gems/sorted_set-1.1.0/lib
  35. /home/antr/dev/sw/antaz.github.io/.gems/gems/rbtree-0.4.7/lib
  36. /home/antr/dev/sw/antaz.github.io/.gems/extensions/x86_64-linux/3.4.0/rbtree-0.4.7
  37. /home/antr/dev/sw/antaz.github.io/.gems/gems/diff-lcs-1.6.2/lib
  38. /home/antr/dev/sw/antaz.github.io/.gems/gems/ddplugin-1.0.3/lib
  39. /home/antr/dev/sw/antaz.github.io/.gems/gems/ddmetrics-1.1.0/lib
  40. /home/antr/dev/sw/antaz.github.io/.gems/gems/cri-2.15.12/lib
  41. /home/antr/dev/sw/antaz.github.io/.gems/gems/concurrent-ruby-1.3.8/lib/concurrent-ruby
  42. /home/antr/dev/sw/antaz.github.io/.gems/gems/coderay-1.1.3/lib
  43. /nix/store/lql1xkaqmzn68zlhjymk9ni0826ggl24-ruby-3.4.9/lib/ruby/gems/3.4.0/gems/bundler-2.6.9/lib
  44. /home/antr/dev/sw/antaz.github.io/.gems/gems/base64-0.3.0/lib
  45. /home/antr/dev/sw/antaz.github.io/.gems/gems/adsf-live-1.5.3/lib
  46. /home/antr/dev/sw/antaz.github.io/.gems/gems/listen-3.10.0/lib
  47. /home/antr/dev/sw/antaz.github.io/.gems/gems/rb-inotify-0.11.1/lib
  48. /home/antr/dev/sw/antaz.github.io/.gems/gems/ffi-1.17.4-x86_64-linux-gnu/lib
  49. /home/antr/dev/sw/antaz.github.io/.gems/gems/rb-fsevent-0.11.2/lib
  50. /home/antr/dev/sw/antaz.github.io/.gems/gems/logger-1.7.0/lib
  51. /home/antr/dev/sw/antaz.github.io/.gems/gems/em-websocket-0.5.3/lib
  52. /home/antr/dev/sw/antaz.github.io/.gems/gems/http_parser.rb-0.8.1/lib
  53. /home/antr/dev/sw/antaz.github.io/.gems/extensions/x86_64-linux/3.4.0/http_parser.rb-0.8.1
  54. /home/antr/dev/sw/antaz.github.io/.gems/gems/eventmachine-1.2.7/lib
  55. /home/antr/dev/sw/antaz.github.io/.gems/extensions/x86_64-linux/3.4.0/eventmachine-1.2.7
  56. /home/antr/dev/sw/antaz.github.io/.gems/gems/adsf-1.5.3/lib
  57. /home/antr/dev/sw/antaz.github.io/.gems/gems/rackup-2.3.1/lib
  58. /home/antr/dev/sw/antaz.github.io/.gems/gems/rack-3.2.6/lib
  59. /home/antr/dev/sw/antaz.github.io/.gems/gems/addressable-2.9.0/lib
  60. /home/antr/dev/sw/antaz.github.io/.gems/gems/public_suffix-7.0.5/lib
  61. /nix/store/lql1xkaqmzn68zlhjymk9ni0826ggl24-ruby-3.4.9/lib/ruby/vendor_ruby/3.4.0
  62. /nix/store/lql1xkaqmzn68zlhjymk9ni0826ggl24-ruby-3.4.9/lib/ruby/vendor_ruby/3.4.0/x86_64-linux
  63. /nix/store/lql1xkaqmzn68zlhjymk9ni0826ggl24-ruby-3.4.9/lib/ruby/vendor_ruby
  64. /nix/store/lql1xkaqmzn68zlhjymk9ni0826ggl24-ruby-3.4.9/lib/ruby/3.4.0
  65. /nix/store/lql1xkaqmzn68zlhjymk9ni0826ggl24-ruby-3.4.9/lib/ruby/3.4.0/x86_64-linux
